﻿
> hauorder.da@0.0.0 build
> vite build

[36mvite v7.3.1 [32mbuilding client environment for production...[36m[39m
transforming...
node.exe : DEPRECATION WARNING [global-builtin]: Global built-in functions are deprecated and will be removed in Dart 
Sass 3.0.0.
At C:\Program Files\nodejs\npm.ps1:29 char:3
+   & $NODE_EXE $NPM_CLI_JS $args
+   ~~~~~~~~~~~~~~~~~~~~~~~~~~~~~
    + CategoryInfo          : NotSpecified: (DEPRECATION WAR...art Sass 3.0.0.:String) [], RemoteException
    + FullyQualifiedErrorId : NativeCommandError
 
Use color.adjust instead.

More info and automated migrator: https://sass-lang.com/d/import

   ╷
27 │ $primary-hover: lighten($gold, 5%);
   │                 ^^^^^^^^^^^^^^^^^^
   ╵
    src\scss\admin\_variables.scss 27:17  @use
    src\scss\admin\admin-theme.scss 1:1   root stylesheet

DEPRECATION WARNING [color-functions]: lighten() is deprecated. Suggestions:

color.scale($color, $lightness: 12.5%)
color.adjust($color, $lightness: 5%)

More info: https://sass-lang.com/d/color-functions

   ╷
27 │ $primary-hover: lighten($gold, 5%);
   │                 ^^^^^^^^^^^^^^^^^^
   ╵
    src\scss\admin\_variables.scss 27:17  @use
    src\scss\admin\admin-theme.scss 1:1   root stylesheet

DEPRECATION WARNING [global-builtin]: Global built-in functions are deprecated and will be removed in Dart Sass 3.0.0.
Use color.adjust instead.

More info and automated migrator: https://sass-lang.com/d/import

   ╷
28 │ $primary-active: darken($gold, 5%);
   │                  ^^^^^^^^^^^^^^^^^
   ╵
    src\scss\admin\_variables.scss 28:18  @use
    src\scss\admin\admin-theme.scss 1:1   root stylesheet

DEPRECATION WARNING [color-functions]: darken() is deprecated. Suggestions:

color.scale($color, $lightness: -8.3333333333%)
color.adjust($color, $lightness: -5%)

More info: https://sass-lang.com/d/color-functions

   ╷
28 │ $primary-active: darken($gold, 5%);
   │                  ^^^^^^^^^^^^^^^^^
   ╵
    src\scss\admin\_variables.scss 28:18  @use
    src\scss\admin\admin-theme.scss 1:1   root stylesheet

DEPRECATION WARNING [global-builtin]: Global built-in functions are deprecated and will be removed in Dart Sass 3.0.0.
Use color.adjust instead.

More info and automated migrator: https://sass-lang.com/d/import

   ╷
34 │ $danger-hover: lighten($wine, 5%);
   │                ^^^^^^^^^^^^^^^^^^
   ╵
    src\scss\admin\_variables.scss 34:16  @use
    src\scss\admin\admin-theme.scss 1:1   root stylesheet

DEPRECATION WARNING [color-functions]: lighten() is deprecated. Suggestions:

color.scale($color, $lightness: 6.8733153639%)
color.adjust($color, $lightness: 5%)

More info: https://sass-lang.com/d/color-functions

   ╷
34 │ $danger-hover: lighten($wine, 5%);
   │                ^^^^^^^^^^^^^^^^^^
   ╵
    src\scss\admin\_variables.scss 34:16  @use
    src\scss\admin\admin-theme.scss 1:1   root stylesheet

DEPRECATION WARNING [global-builtin]: Global built-in functions are deprecated and will be removed in Dart Sass 3.0.0.
Use color.adjust instead.

More info and automated migrator: https://sass-lang.com/d/import

   ╷
38 │ $bg-hover: lighten($surface, 5%);       
   │            ^^^^^^^^^^^^^^^^^^^^^
   ╵
    src\scss\admin\_variables.scss 38:12  @use
    src\scss\admin\admin-theme.scss 1:1   root stylesheet

DEPRECATION WARNING [color-functions]: lighten() is deprecated. Suggestions:

color.scale($color, $lightness: 5.5676855895%)
color.adjust($color, $lightness: 5%)

More info: https://sass-lang.com/d/color-functions

   ╷
38 │ $bg-hover: lighten($surface, 5%);       
   │            ^^^^^^^^^^^^^^^^^^^^^
   ╵
    src\scss\admin\_variables.scss 38:12  @use
    src\scss\admin\admin-theme.scss 1:1   root stylesheet

DEPRECATION WARNING [global-builtin]: Global built-in functions are deprecated and will be removed in Dart Sass 3.0.0.
Use color.adjust instead.

More info and automated migrator: https://sass-lang.com/d/import

   ╷
42 │ $text-disabled: darken($text-muted, 20%);
   │                 ^^^^^^^^^^^^^^^^^^^^^^^^
   ╵
    src\scss\admin\_variables.scss 42:17  @use
    src\scss\admin\admin-theme.scss 1:1   root stylesheet

DEPRECATION WARNING [color-functions]: darken() is deprecated. Suggestions:

color.scale($color, $lightness: -28.4916201117%)
color.adjust($color, $lightness: -20%)

More info: https://sass-lang.com/d/color-functions

   ╷
42 │ $text-disabled: darken($text-muted, 20%);
   │                 ^^^^^^^^^^^^^^^^^^^^^^^^
   ╵
    src\scss\admin\_variables.scss 42:17  @use
    src\scss\admin\admin-theme.scss 1:1   root stylesheet

DEPRECATION WARNING [global-builtin]: Global built-in functions are deprecated and will be removed in Dart Sass 3.0.0.
Use color.adjust instead.

More info and automated migrator: https://sass-lang.com/d/import

    ╷
226 │         background-color: darken($gold, 5%) !important;
    │                           ^^^^^^^^^^^^^^^^^
    ╵
    src\App.scss 226:27  root stylesheet

DEPRECATION WARNING [color-functions]: darken() is deprecated. Suggestions:

color.scale($color, $lightness: -8.3333333333%)
color.adjust($color, $lightness: -5%)

More info: https://sass-lang.com/d/color-functions

    ╷
226 │         background-color: darken($gold, 5%) !important;
    │                           ^^^^^^^^^^^^^^^^^
    ╵
    src\App.scss 226:27  root stylesheet

DEPRECATION WARNING [global-builtin]: Global built-in functions are deprecated and will be removed in Dart Sass 3.0.0.
Use color.adjust instead.

More info and automated migrator: https://sass-lang.com/d/import

    ╷
227 │         border-color: darken($gold, 5%) !important;
    │                       ^^^^^^^^^^^^^^^^^
    ╵
    src\App.scss 227:23  root stylesheet

DEPRECATION WARNING [color-functions]: darken() is deprecated. Suggestions:

color.scale($color, $lightness: -8.3333333333%)
color.adjust($color, $lightness: -5%)

More info: https://sass-lang.com/d/color-functions

    ╷
227 │         border-color: darken($gold, 5%) !important;
    │                       ^^^^^^^^^^^^^^^^^
    ╵
    src\App.scss 227:23  root stylesheet

DEPRECATION WARNING [global-builtin]: Global built-in functions are deprecated and will be removed in Dart Sass 3.0.0.
Use color.adjust instead.

More info and automated migrator: https://sass-lang.com/d/import

    ╷
141 │                     background: lighten($gold, 10%);
    │                                 ^^^^^^^^^^^^^^^^^^^
    ╵
    src\pages\Customer\Register\register.scss 141:33  root stylesheet

DEPRECATION WARNING [color-functions]: lighten() is deprecated. Suggestions:

color.scale($color, $lightness: 25%)
color.adjust($color, $lightness: 10%)

More info: https://sass-lang.com/d/color-functions

    ╷
141 │                     background: lighten($gold, 10%);
    │                                 ^^^^^^^^^^^^^^^^^^^
    ╵
    src\pages\Customer\Register\register.scss 141:33  root stylesheet

DEPRECATION WARNING [global-builtin]: Global built-in functions are deprecated and will be removed in Dart Sass 3.0.0.
Use color.adjust instead.

More info and automated migrator: https://sass-lang.com/d/import

   ╷
13 │         background: linear-gradient(135deg, $gold, darken($gold, 15%));
   │                                                    ^^^^^^^^^^^^^^^^^^
   ╵
    src\pages\Staff\Login\login.scss 13:52  root stylesheet

DEPRECATION WARNING [color-functions]: darken() is deprecated. Suggestions:

color.scale($color, $lightness: -25%)
color.adjust($color, $lightness: -15%)

More info: https://sass-lang.com/d/color-functions

   ╷
13 │         background: linear-gradient(135deg, $gold, darken($gold, 15%));
   │                                                    ^^^^^^^^^^^^^^^^^^
   ╵
    src\pages\Staff\Login\login.scss 13:52  root stylesheet

DEPRECATION WARNING [global-builtin]: Global built-in functions are deprecated and will be removed in Dart Sass 3.0.0.
Use color.adjust instead.

More info and automated migrator: https://sass-lang.com/d/import

   ╷
35 │                     border-color: lighten($gold, 10%);
   │                                   ^^^^^^^^^^^^^^^^^^^
   ╵
    src\pages\Customer\Profile\profile.scss 35:35  root stylesheet

DEPRECATION WARNING [color-functions]: lighten() is deprecated. Suggestions:

color.scale($color, $lightness: 25%)
color.adjust($color, $lightness: 10%)

More info: https://sass-lang.com/d/color-functions

   ╷
35 │                     border-color: lighten($gold, 10%);
   │                                   ^^^^^^^^^^^^^^^^^^^
   ╵
    src\pages\Customer\Profile\profile.scss 35:35  root stylesheet

DEPRECATION WARNING [global-builtin]: Global built-in functions are deprecated and will be removed in Dart Sass 3.0.0.
Use color.adjust instead.

More info and automated migrator: https://sass-lang.com/d/import

   ╷
84 │                     background-color: lighten($surface, 2%);
   │                                       ^^^^^^^^^^^^^^^^^^^^^
   ╵
    src\pages\Staff\Order\order.scss 84:39  root stylesheet

DEPRECATION WARNING [color-functions]: lighten() is deprecated. Suggestions:

color.scale($color, $lightness: 2.2270742358%)
color.adjust($color, $lightness: 2%)

More info: https://sass-lang.com/d/color-functions

   ╷
84 │                     background-color: lighten($surface, 2%);
   │                                       ^^^^^^^^^^^^^^^^^^^^^
   ╵
    src\pages\Staff\Order\order.scss 84:39  root stylesheet

DEPRECATION WARNING [global-builtin]: Global built-in functions are deprecated and will be removed in Dart Sass 3.0.0.
Use color.adjust instead.

More info and automated migrator: https://sass-lang.com/d/import

   ╷
86 │                     background: lighten($gold, 5%) !important;
   │                                 ^^^^^^^^^^^^^^^^^^
   ╵
    src\pages\Staff\Charts\chart.scss 86:33  root stylesheet

DEPRECATION WARNING [color-functions]: lighten() is deprecated. Suggestions:

color.scale($color, $lightness: 12.5%)
color.adjust($color, $lightness: 5%)

More info: https://sass-lang.com/d/color-functions

   ╷
86 │                     background: lighten($gold, 5%) !important;
   │                                 ^^^^^^^^^^^^^^^^^^
   ╵
    src\pages\Staff\Charts\chart.scss 86:33  root stylesheet

DEPRECATION WARNING [global-builtin]: Global built-in functions are deprecated and will be removed in Dart Sass 3.0.0.
Use color.adjust instead.

More info and automated migrator: https://sass-lang.com/d/import

    ╷
121 │                     background: lighten($gold, 5%);
    │                                 ^^^^^^^^^^^^^^^^^^
    ╵
    src\pages\Staff\Login\login.scss 121:33  root stylesheet

DEPRECATION WARNING [color-functions]: lighten() is deprecated. Suggestions:

color.scale($color, $lightness: 12.5%)
color.adjust($color, $lightness: 5%)

More info: https://sass-lang.com/d/color-functions

    ╷
121 │                     background: lighten($gold, 5%);
    │                                 ^^^^^^^^^^^^^^^^^^
    ╵
    src\pages\Staff\Login\login.scss 121:33  root stylesheet

DEPRECATION WARNING [global-builtin]: Global built-in functions are deprecated and will be removed in Dart Sass 3.0.0.
Use color.adjust instead.

More info and automated migrator: https://sass-lang.com/d/import

    ╷
164 │                         background: lighten($gold, 10%);
    │                                     ^^^^^^^^^^^^^^^^^^^
    ╵
    src\components\Customer\Banner\banner.scss 164:37  root stylesheet

DEPRECATION WARNING [color-functions]: lighten() is deprecated. Suggestions:

color.scale($color, $lightness: 25%)
color.adjust($color, $lightness: 10%)

More info: https://sass-lang.com/d/color-functions

    ╷
164 │                         background: lighten($gold, 10%);
    │                                     ^^^^^^^^^^^^^^^^^^^
    ╵
    src\components\Customer\Banner\banner.scss 164:37  root stylesheet

DEPRECATION WARNING [global-builtin]: Global built-in functions are deprecated and will be removed in Dart Sass 3.0.0.
Use color.adjust instead.

More info and automated migrator: https://sass-lang.com/d/import

    ╷
165 │                 background-color: lighten($gold, 5%);
    │                                   ^^^^^^^^^^^^^^^^^^
    ╵
    src\components\Customer\Cart\cart.scss 165:35  root stylesheet

DEPRECATION WARNING [color-functions]: lighten() is deprecated. Suggestions:

color.scale($color, $lightness: 12.5%)
color.adjust($color, $lightness: 5%)

More info: https://sass-lang.com/d/color-functions

    ╷
165 │                 background-color: lighten($gold, 5%);
    │                                   ^^^^^^^^^^^^^^^^^^
    ╵
    src\components\Customer\Cart\cart.scss 165:35  root stylesheet

DEPRECATION WARNING [global-builtin]: Global built-in functions are deprecated and will be removed in Dart Sass 3.0.0.
Use color.adjust instead.

More info and automated migrator: https://sass-lang.com/d/import

    ╷
214 │                     background: lighten($gold, 10%);
    │                                 ^^^^^^^^^^^^^^^^^^^
    ╵
    src\pages\Customer\Profile\profile.scss 214:33  root stylesheet

DEPRECATION WARNING [color-functions]: lighten() is deprecated. Suggestions:

color.scale($color, $lightness: 25%)
color.adjust($color, $lightness: 10%)

More info: https://sass-lang.com/d/color-functions

    ╷
214 │                     background: lighten($gold, 10%);
    │                                 ^^^^^^^^^^^^^^^^^^^
    ╵
    src\pages\Customer\Profile\profile.scss 214:33  root stylesheet

DEPRECATION WARNING [global-builtin]: Global built-in functions are deprecated and will be removed in Dart Sass 3.0.0.
Use color.adjust instead.

More info and automated migrator: https://sass-lang.com/d/import

    ╷
264 │                         background: lighten($gold, 5%);
    │                                     ^^^^^^^^^^^^^^^^^^
    ╵
    src\pages\Customer\Checkout\checkout.scss 264:37  root stylesheet

DEPRECATION WARNING [color-functions]: lighten() is deprecated. Suggestions:

color.scale($color, $lightness: 12.5%)
color.adjust($color, $lightness: 5%)

More info: https://sass-lang.com/d/color-functions

    ╷
264 │                         background: lighten($gold, 5%);
    │                                     ^^^^^^^^^^^^^^^^^^
    ╵
    src\pages\Customer\Checkout\checkout.scss 264:37  root stylesheet

[32m✓[39m 1822 modules transformed.
[31m✗[39m Build failed in 6.32s
[31merror during build:
[31m[vite:css] [sass] Undefined variable.
  ╷
7 │     background: $color-background-light;
  │                 ^^^^^^^^^^^^^^^^^^^^^^^
  ╵
  src\pages\Customer\Login\login.scss 7:17  root stylesheet[31m
file: 
[36mC:/Users/jofob/Desktop/HK2(25-26)/Specialized_Project/DACN(1)/frontend/src/pages/Customer/Login/login.scss[31m
[33m
[sass] Undefined variable.
  ╷
7 │     background: $color-background-light;
  │                 ^^^^^^^^^^^^^^^^^^^^^^^
  ╵
  src\pages\Customer\Login\login.scss 7:17  root stylesheet
[31m
Error: Undefined variable.
  ╷
7 │     background: $color-background-light;
  │                 ^^^^^^^^^^^^^^^^^^^^^^^
  ╵
  src\pages\Customer\Login\login.scss 7:17  root stylesheet
    at Object.wrapException 
(C:\Users\jofob\Desktop\HK2(25-26)\Specialized_Project\DACN(1)\frontend\node_modules\sass\sass.dart.js:2337:47)
    at C:\Users\jofob\Desktop\HK2(25-26)\Specialized_Project\DACN(1)\frontend\node_modules\sass\sass.dart.js:91300:23
    at _wrapJsFunctionForAsync_closure.$protected 
(C:\Users\jofob\Desktop\HK2(25-26)\Specialized_Project\DACN(1)\frontend\node_modules\sass\sass.dart.js:5005:15)
    at _wrapJsFunctionForAsync_closure.call$2 
(C:\Users\jofob\Desktop\HK2(25-26)\Specialized_Project\DACN(1)\frontend\node_modules\sass\sass.dart.js:38686:12)
    at Object._asyncStartSync 
(C:\Users\jofob\Desktop\HK2(25-26)\Specialized_Project\DACN(1)\frontend\node_modules\sass\sass.dart.js:4969:20)
    at _EvaluateVisitor2.visitVariableExpression$body$_EvaluateVisitor0 
(C:\Users\jofob\Desktop\HK2(25-26)\Specialized_Project\DACN(1)\frontend\node_modules\sass\sass.dart.js:91306:16)
    at _EvaluateVisitor2.visitVariableExpression$1 
(C:\Users\jofob\Desktop\HK2(25-26)\Specialized_Project\DACN(1)\frontend\node_modules\sass\sass.dart.js:91280:19)
    at VariableExpression0.accept$1$1 
(C:\Users\jofob\Desktop\HK2(25-26)\Specialized_Project\DACN(1)\frontend\node_modules\sass\sass.dart.js:129386:22)
    at VariableExpression0.accept$1 
(C:\Users\jofob\Desktop\HK2(25-26)\Specialized_Project\DACN(1)\frontend\node_modules\sass\sass.dart.js:129389:19)
    at 
C:\Users\jofob\Desktop\HK2(25-26)\Specialized_Project\DACN(1)\frontend\node_modules\sass\sass.dart.js:89315:41[39m
